------------------------------------------------------------
TimeQuest Timing Analyzer Summary
------------------------------------------------------------

Type  : Slow Model Setup 'iSW[16]'
Slack : -38.036
TNS   : -4165.740

Type  : Slow Model Setup 'lpm_dff1:inst1|lpm_ff:lpm_ff_component|dffs[0]'
Slack : -17.673
TNS   : -813.197

Type  : Slow Model Setup 'iCLK_50'
Slack : -9.175
TNS   : -13729.229

Type  : Slow Model Setup 'clk_div:inst25|clock_100KHz'
Slack : -7.623
TNS   : -464.691

Type  : Slow Model Setup 'dec_keyboard:inst11|f3'
Slack : -1.746
TNS   : -15.367

Type  : Slow Model Setup 'PS2_KBCLK'
Slack : -1.710
TNS   : -34.550

Type  : Slow Model Setup 'clk_div:inst25|clock_1Mhz_int'
Slack : -0.200
TNS   : -0.272

Type  : Slow Model Setup 'clk_div:inst25|clock_100hz_int'
Slack : -0.199
TNS   : -0.270

Type  : Slow Model Setup 'clk_div:inst25|clock_1Khz_int'
Slack : -0.069
TNS   : -0.145

Type  : Slow Model Setup 'clk_div:inst25|clock_10Hz_int'
Slack : -0.069
TNS   : -0.138

Type  : Slow Model Setup 'clk_div:inst25|clock_10Khz_int'
Slack : -0.069
TNS   : -0.137

Type  : Slow Model Setup 'clk_div:inst25|clock_100Khz_int'
Slack : -0.066
TNS   : -0.100

Type  : Slow Model Setup 'clk_div:inst25|clock_1KHz'
Slack : 0.108
TNS   : 0.000

Type  : Slow Model Hold 'PS2_KBCLK'
Slack : -4.419
TNS   : -4.419

Type  : Slow Model Hold 'iCLK_50'
Slack : -2.686
TNS   : -18.419

Type  : Slow Model Hold 'lpm_dff1:inst1|lpm_ff:lpm_ff_component|dffs[0]'
Slack : -2.570
TNS   : -27.092

Type  : Slow Model Hold 'clk_div:inst25|clock_100hz_int'
Slack : -2.570
TNS   : -2.570

Type  : Slow Model Hold 'clk_div:inst25|clock_10Khz_int'
Slack : -2.383
TNS   : -2.383

Type  : Slow Model Hold 'clk_div:inst25|clock_100Khz_int'
Slack : -2.360
TNS   : -2.360

Type  : Slow Model Hold 'clk_div:inst25|clock_1Mhz_int'
Slack : -2.265
TNS   : -2.265

Type  : Slow Model Hold 'clk_div:inst25|clock_1Khz_int'
Slack : -2.250
TNS   : -2.250

Type  : Slow Model Hold 'clk_div:inst25|clock_1KHz'
Slack : -1.790
TNS   : -4.738

Type  : Slow Model Hold 'iSW[16]'
Slack : 0.296
TNS   : 0.000

Type  : Slow Model Hold 'clk_div:inst25|clock_100KHz'
Slack : 0.391
TNS   : 0.000

Type  : Slow Model Hold 'clk_div:inst25|clock_10Hz_int'
Slack : 0.391
TNS   : 0.000

Type  : Slow Model Hold 'dec_keyboard:inst11|f3'
Slack : 0.391
TNS   : 0.000

Type  : Slow Model Recovery 'keyboard:inst14|scan_ready'
Slack : -2.844
TNS   : -2.844

Type  : Slow Model Recovery 'keyboard:inst14|ready_set'
Slack : 0.491
TNS   : 0.000

Type  : Slow Model Removal 'keyboard:inst14|ready_set'
Slack : -0.221
TNS   : -0.221

Type  : Slow Model Removal 'keyboard:inst14|scan_ready'
Slack : 3.614
TNS   : 0.000

Type  : Slow Model Minimum Pulse Width 'iCLK_50'
Slack : -2.000
TNS   : -7187.420

Type  : Slow Model Minimum Pulse Width 'dec_keyboard:inst11|f3'
Slack : -1.423
TNS   : -25.768

Type  : Slow Model Minimum Pulse Width 'iSW[16]'
Slack : -1.222
TNS   : -288.222

Type  : Slow Model Minimum Pulse Width 'PS2_KBCLK'
Slack : -1.222
TNS   : -24.222

Type  : Slow Model Minimum Pulse Width 'lpm_dff1:inst1|lpm_ff:lpm_ff_component|dffs[0]'
Slack : -0.500
TNS   : -159.000

Type  : Slow Model Minimum Pulse Width 'clk_div:inst25|clock_100KHz'
Slack : -0.500
TNS   : -124.000

Type  : Slow Model Minimum Pulse Width 'clk_div:inst25|clock_100Khz_int'
Slack : -0.500
TNS   : -4.000

Type  : Slow Model Minimum Pulse Width 'clk_div:inst25|clock_100hz_int'
Slack : -0.500
TNS   : -4.000

Type  : Slow Model Minimum Pulse Width 'clk_div:inst25|clock_10Hz_int'
Slack : -0.500
TNS   : -4.000

Type  : Slow Model Minimum Pulse Width 'clk_div:inst25|clock_10Khz_int'
Slack : -0.500
TNS   : -4.000

Type  : Slow Model Minimum Pulse Width 'clk_div:inst25|clock_1Khz_int'
Slack : -0.500
TNS   : -4.000

Type  : Slow Model Minimum Pulse Width 'clk_div:inst25|clock_1Mhz_int'
Slack : -0.500
TNS   : -4.000

Type  : Slow Model Minimum Pulse Width 'clk_div:inst25|clock_1KHz'
Slack : -0.500
TNS   : -3.000

Type  : Slow Model Minimum Pulse Width 'keyboard:inst14|ready_set'
Slack : -0.500
TNS   : -1.000

Type  : Slow Model Minimum Pulse Width 'keyboard:inst14|scan_ready'
Slack : -0.500
TNS   : -1.000

Type  : Fast Model Setup 'iSW[16]'
Slack : -16.446
TNS   : -1719.649

Type  : Fast Model Setup 'lpm_dff1:inst1|lpm_ff:lpm_ff_component|dffs[0]'
Slack : -7.284
TNS   : -299.651

Type  : Fast Model Setup 'iCLK_50'
Slack : -3.730
TNS   : -5508.076

Type  : Fast Model Setup 'clk_div:inst25|clock_100KHz'
Slack : -3.020
TNS   : -155.930

Type  : Fast Model Setup 'PS2_KBCLK'
Slack : -0.298
TNS   : -4.946

Type  : Fast Model Setup 'dec_keyboard:inst11|f3'
Slack : -0.164
TNS   : -0.680

Type  : Fast Model Setup 'clk_div:inst25|clock_1Mhz_int'
Slack : 0.443
TNS   : 0.000

Type  : Fast Model Setup 'clk_div:inst25|clock_100hz_int'
Slack : 0.444
TNS   : 0.000

Type  : Fast Model Setup 'clk_div:inst25|clock_100Khz_int'
Slack : 0.508
TNS   : 0.000

Type  : Fast Model Setup 'clk_div:inst25|clock_10Hz_int'
Slack : 0.508
TNS   : 0.000

Type  : Fast Model Setup 'clk_div:inst25|clock_10Khz_int'
Slack : 0.508
TNS   : 0.000

Type  : Fast Model Setup 'clk_div:inst25|clock_1Khz_int'
Slack : 0.508
TNS   : 0.000

Type  : Fast Model Setup 'clk_div:inst25|clock_1KHz'
Slack : 0.574
TNS   : 0.000

Type  : Fast Model Hold 'PS2_KBCLK'
Slack : -2.397
TNS   : -2.397

Type  : Fast Model Hold 'iCLK_50'
Slack : -1.679
TNS   : -160.302

Type  : Fast Model Hold 'lpm_dff1:inst1|lpm_ff:lpm_ff_component|dffs[0]'
Slack : -1.671
TNS   : -16.777

Type  : Fast Model Hold 'clk_div:inst25|clock_100hz_int'
Slack : -1.601
TNS   : -1.601

Type  : Fast Model Hold 'clk_div:inst25|clock_10Khz_int'
Slack : -1.489
TNS   : -1.489

Type  : Fast Model Hold 'clk_div:inst25|clock_100Khz_int'
Slack : -1.460
TNS   : -1.460

Type  : Fast Model Hold 'clk_div:inst25|clock_1Mhz_int'
Slack : -1.457
TNS   : -1.457

Type  : Fast Model Hold 'clk_div:inst25|clock_1Khz_int'
Slack : -1.435
TNS   : -1.435

Type  : Fast Model Hold 'clk_div:inst25|clock_1KHz'
Slack : -1.177
TNS   : -3.075

Type  : Fast Model Hold 'iSW[16]'
Slack : 0.068
TNS   : 0.000

Type  : Fast Model Hold 'clk_div:inst25|clock_100KHz'
Slack : 0.215
TNS   : 0.000

Type  : Fast Model Hold 'clk_div:inst25|clock_10Hz_int'
Slack : 0.215
TNS   : 0.000

Type  : Fast Model Hold 'dec_keyboard:inst11|f3'
Slack : 0.215
TNS   : 0.000

Type  : Fast Model Recovery 'keyboard:inst14|scan_ready'
Slack : -1.240
TNS   : -1.240

Type  : Fast Model Recovery 'keyboard:inst14|ready_set'
Slack : 0.488
TNS   : 0.000

Type  : Fast Model Removal 'keyboard:inst14|ready_set'
Slack : -0.108
TNS   : -0.108

Type  : Fast Model Removal 'keyboard:inst14|scan_ready'
Slack : 2.120
TNS   : 0.000

Type  : Fast Model Minimum Pulse Width 'iCLK_50'
Slack : -2.000
TNS   : -7187.420

Type  : Fast Model Minimum Pulse Width 'dec_keyboard:inst11|f3'
Slack : -1.423
TNS   : -25.768

Type  : Fast Model Minimum Pulse Width 'iSW[16]'
Slack : -1.222
TNS   : -288.222

Type  : Fast Model Minimum Pulse Width 'PS2_KBCLK'
Slack : -1.222
TNS   : -24.222

Type  : Fast Model Minimum Pulse Width 'lpm_dff1:inst1|lpm_ff:lpm_ff_component|dffs[0]'
Slack : -0.500
TNS   : -159.000

Type  : Fast Model Minimum Pulse Width 'clk_div:inst25|clock_100KHz'
Slack : -0.500
TNS   : -124.000

Type  : Fast Model Minimum Pulse Width 'clk_div:inst25|clock_100Khz_int'
Slack : -0.500
TNS   : -4.000

Type  : Fast Model Minimum Pulse Width 'clk_div:inst25|clock_100hz_int'
Slack : -0.500
TNS   : -4.000

Type  : Fast Model Minimum Pulse Width 'clk_div:inst25|clock_10Hz_int'
Slack : -0.500
TNS   : -4.000

Type  : Fast Model Minimum Pulse Width 'clk_div:inst25|clock_10Khz_int'
Slack : -0.500
TNS   : -4.000

Type  : Fast Model Minimum Pulse Width 'clk_div:inst25|clock_1Khz_int'
Slack : -0.500
TNS   : -4.000

Type  : Fast Model Minimum Pulse Width 'clk_div:inst25|clock_1Mhz_int'
Slack : -0.500
TNS   : -4.000

Type  : Fast Model Minimum Pulse Width 'clk_div:inst25|clock_1KHz'
Slack : -0.500
TNS   : -3.000

Type  : Fast Model Minimum Pulse Width 'keyboard:inst14|ready_set'
Slack : -0.500
TNS   : -1.000

Type  : Fast Model Minimum Pulse Width 'keyboard:inst14|scan_ready'
Slack : -0.500
TNS   : -1.000

------------------------------------------------------------
